{
  "linesProcessed": 254490,
  "dbRowsWritten": 56465,
  "items": []
}
