{
  "linesProcessed": 247352,
  "dbRowsWritten": 55060,
  "articles": []
}
